core_cm7.h:2229:22:SCB_EnableICache	4	static,ignoring_inline_asm
core_cm7.h:2281:22:SCB_EnableDCache	24	static,ignoring_inline_asm
main.c:87:5:main	8	static
main.c:183:6:SystemClock_Config	88	static
main.c:233:13:MX_TIM6_Init	24	static
main.c:271:13:MX_USART1_UART_Init	8	static
main.c:306:13:MX_USART6_UART_Init	8	static
main.c:341:13:MX_GPIO_Init	72	static
main.c:821:6:HAL_GPIO_EXTI_Callback	16	static
main.c:827:6:HAL_UART_TxCpltCallback	16	static
main.c:835:6:HAL_UART_RxCpltCallback	16	static
main.c:849:6:StartDefaultTask	16	static
main.c:871:6:HAL_TIM_PeriodElapsedCallback	16	static
main.c:888:6:Error_Handler	4	static,ignoring_inline_asm
