stm32f7xx_it.c:75:6:NMI_Handler	4	static
stm32f7xx_it.c:90:6:HardFault_Handler	4	static
stm32f7xx_it.c:105:6:MemManage_Handler	4	static
stm32f7xx_it.c:120:6:BusFault_Handler	4	static
stm32f7xx_it.c:135:6:UsageFault_Handler	4	static
stm32f7xx_it.c:150:6:DebugMon_Handler	4	static
stm32f7xx_it.c:170:6:USART1_IRQHandler	8	static
stm32f7xx_it.c:184:6:EXTI15_10_IRQHandler	8	static
stm32f7xx_it.c:198:6:TIM8_TRG_COM_TIM14_IRQHandler	8	static
stm32f7xx_it.c:212:6:TIM6_DAC_IRQHandler	8	static
stm32f7xx_it.c:226:6:ETH_IRQHandler	8	static
stm32f7xx_it.c:240:6:USART6_IRQHandler	8	static
